// Jest Snapshot v1, https://goo.gl/fbAQLP

exports[`ChartsModal component snapshot matching 1`] = `
<body
  style="padding-right: 1024px; overflow: hidden;"
>
  <div
    aria-hidden="true"
  />
  <div
    class="MuiModal-root css-79ws1d-MuiModal-root"
    role="presentation"
  >
    <div
      aria-hidden="true"
      class="MuiBackdrop-root css-i9fmh8-MuiBackdrop-root-MuiModal-backdrop"
      style="opacity: 1; webkit-transition: opacity 225ms cubic-bezier(0.4, 0, 0.2, 1) 0ms; transition: opacity 225ms cubic-bezier(0.4, 0, 0.2, 1) 0ms;"
    />
    <div
      data-test="sentinelStart"
      tabindex="0"
    />
    <div
      class="MuiBox-root css-5fyqun"
      tabindex="-1"
    >
      <h3
        class="css-ngqp4j"
      >
        Delete category
      </h3>
      <form>
        <div
          class="MuiFormControl-root MuiFormControl-fullWidth MuiTextField-root css-14q6lbf-MuiFormControl-root-MuiTextField-root"
        >
          <label
            class="MuiInputLabel-root MuiInputLabel-formControl MuiInputLabel-animated MuiInputLabel-sizeSmall MuiInputLabel-outlined MuiFormLabel-root MuiFormLabel-colorPrimary css-1pysi21-MuiFormLabel-root-MuiInputLabel-root"
            data-shrink="false"
            for="mui-1"
            id="mui-1-label"
          >
            Category
          </label>
          <div
            class="MuiOutlinedInput-root MuiInputBase-root MuiInputBase-colorPrimary MuiInputBase-fullWidth MuiInputBase-formControl MuiInputBase-sizeSmall css-md26zr-MuiInputBase-root-MuiOutlinedInput-root"
            variant="outlined"
          >
            <div
              aria-expanded="false"
              aria-haspopup="listbox"
              aria-labelledby="mui-1-label mui-1"
              class="MuiSelect-select MuiSelect-outlined MuiOutlinedInput-input MuiInputBase-input MuiInputBase-inputSizeSmall css-jedpe8-MuiSelect-select-MuiInputBase-input-MuiOutlinedInput-input"
              id="mui-1"
              role="button"
              tabindex="0"
            >
              <span
                class="notranslate"
              >
                â€‹
              </span>
            </div>
            <input
              aria-hidden="true"
              class="MuiSelect-nativeInput css-yf8vq0-MuiSelect-nativeInput"
              name="id"
              tabindex="-1"
              value=""
            />
            <svg
              aria-hidden="true"
              class="MuiSvgIcon-root MuiSvgIcon-fontSizeMedium MuiSelect-icon MuiSelect-iconOutlined css-hfutr2-MuiSvgIcon-root-MuiSelect-icon"
              data-testid="ArrowDropDownIcon"
              focusable="false"
              viewBox="0 0 24 24"
            >
              <path
                d="M7 10l5 5 5-5z"
              />
            </svg>
            <fieldset
              aria-hidden="true"
              class="MuiOutlinedInput-notchedOutline css-1d3z3hw-MuiOutlinedInput-notchedOutline"
            >
              <legend
                class="css-173wfxe"
              >
                <span>
                  Category
                </span>
              </legend>
            </fieldset>
          </div>
        </div>
        <div
          class="css-20ow0d"
        >
          <button
            class="MuiButton-root MuiButton-contained MuiButton-containedError MuiButton-sizeMedium MuiButton-containedSizeMedium MuiButtonBase-root  css-p8fncj-MuiButtonBase-root-MuiButton-root"
            tabindex="0"
            type="submit"
          >
            Delete category
            <span
              class="MuiTouchRipple-root css-8je8zh-MuiTouchRipple-root"
            />
          </button>
          <button
            class="MuiButton-root MuiButton-contained MuiButton-containedPrimary MuiButton-sizeMedium MuiButton-containedSizeMedium MuiButtonBase-root  css-kl9a8j-MuiButtonBase-root-MuiButton-root"
            tabindex="0"
            type="button"
          >
            Close
            <span
              class="MuiTouchRipple-root css-8je8zh-MuiTouchRipple-root"
            />
          </button>
        </div>
      </form>
    </div>
    <div
      data-test="sentinelEnd"
      tabindex="0"
    />
  </div>
</body>
`;
